// Jest Snapshot v1, https://goo.gl/fbAQLP

exports[`About renders an About page 1`] = `
<View>
  <h2>
    About
  </h2>
  <p>
    listshare is an app that helps you stay organized. Make a list, check it twice, and share it with people who need it. ðŸŽ…
  </p>
  <p>
    Built to demonstrate features of React 16.8+ and TypeScript.
  </p>
</View>
`;
